> Task :dependencies

------------------------------------------------------------
Root project 'how_to_exclude_transitive_dependencies'
------------------------------------------------------------

runtimeClasspath - Runtime classpath of source set 'main'.
+--- commons-beanutils:commons-beanutils:1.9.4
|    \--- commons-logging:commons-logging:1.2
\--- com.opencsv:opencsv:4.6
     +--- org.apache.commons:commons-lang3:3.8.1
     +--- org.apache.commons:commons-text:1.3
     |    \--- org.apache.commons:commons-lang3:3.7 -> 3.8.1
     \--- commons-beanutils:commons-beanutils:1.9.3 -> 1.9.4 (*)
