Retrieving artifact commons-lang:commons-lang from http://repo1.maven.org/maven2
Retrieving artifact commons-lang:commons-lang from http://repo1.myorg.org/maven2
Retrieving artifact commons-lang:commons-lang from http://repo2.myorg.org/maven2
