> Task :disableMe SKIPPED

BUILD SUCCESSFUL in 0s
