> Task :helloWorld

> Task :translateBad
Translation: Bonjour

BUILD SUCCESSFUL in 0s
2 actionable tasks: 2 executed
