> Task :helloWorld UP-TO-DATE

> Task :translateGood
Translation: Bonjour

BUILD SUCCESSFUL in 0s
2 actionable tasks: 1 executed, 1 up-to-date
