Deploying to URL http://localhost:8080
Deploying to URL http://staging.enterprise.com
Deploying to URL http://prod.enterprise.com
