Executing incrementally
MODIFIED: 1.txt
ADDED: 4.txt
