> Task :buildSrc:compileJava
> Task :buildSrc:compileGroovy NO-SOURCE
> Task :buildSrc:pluginDescriptors
> Task :buildSrc:processResources
> Task :buildSrc:classes
> Task :buildSrc:jar

> Task :deploy
Deploying to URL http://localhost:8080/server

BUILD SUCCESSFUL in 0s
5 actionable tasks: 5 executed
