Contents of src
src/dir1
src/file1.txt
Contents of src2
src2/dir1
src2/dir2
