> Task :processTemplates UP-TO-DATE

BUILD SUCCESSFUL in 0s
3 actionable tasks: 3 up-to-date
