> Task :processTemplates
> Task :packageFiles

BUILD SUCCESSFUL in 0s
5 actionable tasks: 4 executed, 1 up-to-date
