Resolved: true
> Task :lib:badZippingTask

BUILD SUCCESSFUL in 0s
1 actionable task: 1 executed
