opencsv-4.6.jar
commons-beanutils-1.9.4.jar
commons-logging-1.2.jar
commons-text-1.3.jar
commons-lang3-3.8.1.jar
commons-collections4-4.2.jar
