
Projects:

------------------------------------------------------------
Root project 'basic-multiproject'
------------------------------------------------------------

Root project 'basic-multiproject'
\--- Project ':app'

To see a list of the tasks of a project, run gradle <project-path>:tasks
For example, try running gradle :app:tasks
