> Task :api:compileJava NO-SOURCE
> Task :api:processResources NO-SOURCE
> Task :api:classes UP-TO-DATE
> Task :api:jar
> Task :api:assemble
> Task :utils:compileJava NO-SOURCE
> Task :utils:processResources NO-SOURCE
> Task :utils:classes UP-TO-DATE
> Task :utils:jar
> Task :utils:assemble
> Task :web-service:compileJava NO-SOURCE
> Task :web-service:processResources NO-SOURCE
> Task :web-service:classes UP-TO-DATE
> Task :web-service:jar
> Task :web-service:assemble

BUILD SUCCESSFUL in 0s
3 actionable tasks: 3 executed
