I'm task number 2
I'm task number 3
I'm task number 0
