> Task :copyTemplates
> Task :processTemplates2

BUILD SUCCESSFUL in 0s
4 actionable tasks: 4 executed
