Reporting tasks
---------------
buildDashboard - Generates a dashboard of all the reports produced by this build.
