> Task :taskA UP-TO-DATE
> Task :consumer

BUILD SUCCESSFUL in 0s
2 actionable tasks: 1 executed, 1 up-to-date
